// Jest Snapshot v1, https://goo.gl/fbAQLP

exports[`Card should render all passed data 1`] = `undefined`;
