// Jest Snapshot v1, https://goo.gl/fbAQLP

exports[`Category should render a button 1`] = `
<button
  className="selectCategoryBtn"
  onClick={[MockFunction]}
>
  <img
    alt=""
    src=""
  />
</button>
`;
