// Jest Snapshot v1, https://goo.gl/fbAQLP

exports[`Container should render card components 1`] = `ShallowWrapper {}`;
